============================= test session starts =============================
platform win32 -- Python 3.12.3, pytest-9.0.2, pluggy-1.6.0 -- C:\Users\Owner\Projects\d8ahaven\d8tahaven\.venv\Scripts\python.exe
cachedir: .pytest_cache
rootdir: C:\Users\Owner\Projects\d8ahaven\d8tahaven
configfile: pyproject.toml
plugins: anyio-4.12.1, asyncio-1.3.0, bdd-8.1.0, cov-7.0.0, env-1.2.0
asyncio: mode=Mode.AUTO, debug=False, asyncio_default_fixture_loop_scope=None, asyncio_default_test_loop_scope=function
collecting ... collected 2 items

tests/step_defs/test_capture_basic.py::test_successfully_capture_text <- .venv\Lib\site-packages\pytest_bdd\scenario.py FAILED [ 50%]
tests/step_defs/test_capture_basic.py::test_capture_with_validation_error <- .venv\Lib\site-packages\pytest_bdd\scenario.py FAILED [100%]

================================== FAILURES ===================================
_______________________ test_successfully_capture_text ________________________
file C:\Users\Owner\Projects\d8ahaven\d8tahaven\.venv\Lib\site-packages\pytest_bdd\scenario.py, line 296
          def scenario_wrapper(request: FixtureRequest, _pytest_bdd_example: dict[str, str]) -> Any:
E       fixture 'doc_string' not found
>       available fixtures: _class_scoped_runner, _function_scoped_runner, _module_scoped_runner, _package_scoped_runner, _pytest_bdd_example, _session_scoped_runner, anyio_backend, anyio_backend_name, anyio_backend_options, cache, capfd, capfdbinary, caplog, capsys, capsysbinary, capteesys, client, cov, doctest_namespace, event_loop_policy, free_tcp_port, free_tcp_port_factory, free_udp_port, free_udp_port_factory, monkeypatch, no_cover, pytestbdd_stepdef_given_the API is running, pytestbdd_stepdef_given_trace, pytestbdd_stepdef_then_the response should contain "{key}", pytestbdd_stepdef_then_the response should contain "{key}" with value "{value}", pytestbdd_stepdef_then_the response status code should be {status_code:d}, pytestbdd_stepdef_then_trace, pytestbdd_stepdef_when_sending request, pytestbdd_stepdef_when_trace, pytestconfig, record_property, record_testsuite_property, record_xml_attribute, recwarn, response, subtests, tmp_path, tmp_path_factory, tmpdir, tmpdir_factory, unused_tcp_port, unused_tcp_port_factory, unused_udp_port, unused_udp_port_factory
>       use 'pytest --fixtures [testpath]' for help on them.

C:\Users\Owner\Projects\d8ahaven\d8tahaven\.venv\Lib\site-packages\pytest_bdd\scenario.py:296
_____________________ test_capture_with_validation_error ______________________
file C:\Users\Owner\Projects\d8ahaven\d8tahaven\.venv\Lib\site-packages\pytest_bdd\scenario.py, line 296
          def scenario_wrapper(request: FixtureRequest, _pytest_bdd_example: dict[str, str]) -> Any:
E       fixture 'doc_string' not found
>       available fixtures: _class_scoped_runner, _function_scoped_runner, _module_scoped_runner, _package_scoped_runner, _pytest_bdd_example, _session_scoped_runner, anyio_backend, anyio_backend_name, anyio_backend_options, cache, capfd, capfdbinary, caplog, capsys, capsysbinary, capteesys, client, cov, doctest_namespace, event_loop_policy, free_tcp_port, free_tcp_port_factory, free_udp_port, free_udp_port_factory, monkeypatch, no_cover, pytestbdd_stepdef_given_the API is running, pytestbdd_stepdef_given_trace, pytestbdd_stepdef_then_the response should contain "{key}", pytestbdd_stepdef_then_the response should contain "{key}" with value "{value}", pytestbdd_stepdef_then_the response status code should be {status_code:d}, pytestbdd_stepdef_then_trace, pytestbdd_stepdef_when_sending request, pytestbdd_stepdef_when_trace, pytestconfig, record_property, record_testsuite_property, record_xml_attribute, recwarn, response, subtests, tmp_path, tmp_path_factory, tmpdir, tmpdir_factory, unused_tcp_port, unused_tcp_port_factory, unused_udp_port, unused_udp_port_factory
>       use 'pytest --fixtures [testpath]' for help on them.

C:\Users\Owner\Projects\d8ahaven\d8tahaven\.venv\Lib\site-packages\pytest_bdd\scenario.py:296
=============================== tests coverage ================================
_______________ coverage: platform win32, python 3.12.3-final-0 _______________

Name                 Stmts   Miss  Cover   Missing
--------------------------------------------------
src\capture\api.py      21      3    86%   22-27, 35
--------------------------------------------------
TOTAL                   21      3    86%
Coverage HTML written to dir htmlcov
Coverage XML written to file coverage.xml
=========================== short test summary info ===========================
FAILED tests/step_defs/test_capture_basic.py::test_successfully_capture_text
FAILED tests/step_defs/test_capture_basic.py::test_capture_with_validation_error
============================== 2 failed in 0.89s ==============================
